// Jest Snapshot v1, https://goo.gl/fbAQLP

exports[`The game item component... will match snapshot. 1`] = `
<ion-item
  lines="none"
  onClick={[Function]}
>
  <ion-card
    onClick={[Function]}
  >
    <ion-card-header>
      <ion-card-title>
        Name: 
      </ion-card-title>
      <ion-card-subtitle>
        <strong>
          Type: 
        </strong>
      </ion-card-subtitle>
      <ion-card-subtitle>
        Host: 
      </ion-card-subtitle>
    </ion-card-header>
    <ion-card-content>
      <h2>
        <strong>
          Open Seats:
        </strong>
         
      </h2>
      <h3>
        <strong>
          Date:
        </strong>
         
        Invalid Date
      </h3>
      <h4>
        <strong>
          Location:
        </strong>
         
      </h4>
    </ion-card-content>
  </ion-card>
</ion-item>
`;
